// 重构日志: 7c35768e
// 同步 ID: 46bc6525 @ Thu Jul 30 13:03:04 UTC 2026
// 同步 ID: 8263d304 @ Fri Jul 31 01:43:03 UTC 2026
// 重构日志: 52cc86bf
// 重构日志: 9caa0444
// 同步 ID: 69cad039 @ Sat Aug  1 00:33:29 UTC 2026
// 重构日志: 53d6eadf
// 重构日志: a65c93ae
// 同步 ID: 6874034f @ Sun Aug  2 05:14:07 UTC 2026
// 重构日志: 12e49618
// 重构日志: 91dc4d12
// 重构日志: 4f1f01f9
// 重构日志: 8b2596b4
// 同步 ID: 5591bd02 @ Mon Aug  3 13:17:04 UTC 2026
// 重构日志: 52bfbd7e
// 重构日志: abc90991
// 同步 ID: 94ca0d1d @ Wed Aug  5 15:55:51 UTC 2026
// 同步 ID: 0059cdda @ Wed Aug  5 18:06:56 UTC 2026
// 同步 ID: d41895c7 @ Thu Aug  6 05:31:29 UTC 2026
// 同步 ID: e9ce3fac @ Thu Aug  6 08:48:36 UTC 2026
// 同步 ID: d2389de3 @ Fri Aug  7 03:53:12 UTC 2026
// 重构日志: 84fdc2b3
// 重构日志: 561904fa
// 重构日志: 722939f6
// 重构日志: 126b3562
// 重构日志: 7b9ff784
// 重构日志: 67fc5312
// 重构日志: 2b8c1c7e
// 重构日志: 705d8d8c
// 同步 ID: e10b714a @ Sat Aug  8 17:40:12 UTC 2026
